// Jest Snapshot v1, https://goo.gl/fbAQLP

exports[`Loading Component should match the snapshot 1`] = `
<View
  style={
    {
      "alignItems": "center",
      "flex": 1,
      "justifyContent": "center",
    }
  }
>
  <View
    testID="activity-indicator"
  />
  <Text>
    Loading...
  </Text>
</View>
`;
